2026-09-14 16:59:56.769 UTC [234] LOG:  starting PostgreSQL 17.11 on aarch64-unknown-linux-gnu, compiled by gcc (Ubuntu/Linaro 7.5.0-3ubuntu1~18.04) 7.5.0, 64-bit
2026-09-14 16:59:56.770 UTC [234] LOG:  listening on IPv6 address "::1", port 5432
2026-09-14 16:59:56.770 UTC [234] LOG:  listening on IPv4 address "127.0.0.1", port 5432
2026-09-14 16:59:56.771 UTC [234] LOG:  listening on Unix socket "/workspace/lawfirm/.s.PGSQL.5432"
2026-09-14 16:59:56.775 UTC [237] LOG:  database system was shut down at 2026-09-14 16:59:56 UTC
2026-09-14 16:59:56.777 UTC [234] LOG:  database system is ready to accept connections
2026-09-14 17:04:56.875 UTC [235] LOG:  checkpoint starting: time
2026-09-14 17:06:34.590 UTC [235] LOG:  checkpoint complete: wrote 961 buffers (5.9%); 0 WAL file(s) added, 0 removed, 0 recycled; write=97.648 s, sync=0.056 s, total=97.715 s; sync files=310, longest=0.008 s, average=0.001 s; distance=4492 kB, estimate=4492 kB; lsn=0/193DB60, redo lsn=0/193DAD0
2026-09-14 17:14:56.687 UTC [235] LOG:  checkpoint starting: time
2026-09-14 17:15:20.935 UTC [235] LOG:  checkpoint complete: wrote 237 buffers (1.4%); 0 WAL file(s) added, 0 removed, 0 recycled; write=24.232 s, sync=0.010 s, total=24.249 s; sync files=163, longest=0.001 s, average=0.001 s; distance=1087 kB, estimate=4151 kB; lsn=0/1A4D8B0, redo lsn=0/1A4D820
2026-09-14 17:48:35.724 UTC [535] LOG:  could not open directory "/workspace/lawfirm/pgsql/share/postgresql/timezone": No such file or directory
2026-09-14 17:48:35.724 UTC [535] STATEMENT:  SELECT set_config('TimeZone', 'UTC', false)
2026-09-14 17:48:35.724 UTC [535] ERROR:  invalid value for parameter "TimeZone": "UTC"
2026-09-14 17:48:35.724 UTC [535] STATEMENT:  SELECT set_config('TimeZone', 'UTC', false)
2026-09-14 17:50:00.273 UTC [578] LOG:  could not open directory "/workspace/lawfirm/pgsql/share/postgresql/timezone": No such file or directory
2026-09-14 17:50:00.273 UTC [578] STATEMENT:  SELECT set_config('TimeZone', 'UTC', false)
2026-09-14 17:50:00.273 UTC [578] ERROR:  invalid value for parameter "TimeZone": "UTC"
2026-09-14 17:50:00.273 UTC [578] STATEMENT:  SELECT set_config('TimeZone', 'UTC', false)
2026-09-14 17:55:09.744 UTC [626] LOG:  could not open directory "/workspace/lawfirm/pgsql/share/postgresql/timezone": No such file or directory
2026-09-14 17:55:09.744 UTC [626] STATEMENT:  SELECT set_config('TimeZone', 'UTC', false)
2026-09-14 17:55:09.744 UTC [626] ERROR:  invalid value for parameter "TimeZone": "UTC"
2026-09-14 17:55:09.744 UTC [626] STATEMENT:  SELECT set_config('TimeZone', 'UTC', false)
2026-09-14 17:56:08.022 UTC [234] LOG:  received fast shutdown request
2026-09-14 17:56:08.023 UTC [234] LOG:  aborting any active transactions
2026-09-14 17:56:08.024 UTC [234] LOG:  background worker "logical replication launcher" (PID 240) exited with exit code 1
2026-09-14 17:56:08.025 UTC [235] LOG:  shutting down
2026-09-14 17:56:08.025 UTC [235] PANIC:  could not open file "/workspace/lawfirm/pgdata/global/pg_control": No such file or directory
2026-09-14 17:56:08.025 UTC [234] LOG:  checkpointer process (PID 235) was terminated by signal 6: Aborted
2026-09-14 17:56:08.025 UTC [234] LOG:  terminating any other active server processes
2026-09-14 17:56:08.025 UTC [234] LOG:  abnormal database system shutdown
2026-09-14 17:56:08.028 UTC [234] LOG:  database system is shut down
2026-09-14 17:56:09.168 UTC [653] LOG:  starting PostgreSQL 17.11 on aarch64-unknown-linux-gnu, compiled by gcc (Ubuntu/Linaro 7.5.0-3ubuntu1~18.04) 7.5.0, 64-bit
2026-09-14 17:56:09.169 UTC [653] LOG:  listening on IPv6 address "::1", port 5432
2026-09-14 17:56:09.169 UTC [653] LOG:  listening on IPv4 address "127.0.0.1", port 5432
2026-09-14 17:56:09.171 UTC [653] LOG:  listening on Unix socket "/workspace/zlj-mac-046/.s.PGSQL.5432"
2026-09-14 17:56:09.185 UTC [656] LOG:  database system was interrupted; last known up at 2026-09-14 17:15:20 UTC
2026-09-14 17:56:09.276 UTC [656] LOG:  database system was not properly shut down; automatic recovery in progress
2026-09-14 17:56:09.282 UTC [656] LOG:  redo starts at 0/1A4D820
2026-09-14 17:56:09.282 UTC [656] LOG:  invalid record length at 0/1A4D960: expected at least 24, got 0
2026-09-14 17:56:09.282 UTC [656] LOG:  redo done at 0/1A4D928 system usage: CPU: user: 0.00 s, system: 0.00 s, elapsed: 0.00 s
2026-09-14 17:56:09.286 UTC [654] LOG:  checkpoint starting: end-of-recovery immediate wait
2026-09-14 17:56:09.291 UTC [654] LOG:  checkpoint complete: wrote 3 buffers (0.0%); 0 WAL file(s) added, 0 removed, 0 recycled; write=0.002 s, sync=0.001 s, total=0.006 s; sync files=2, longest=0.001 s, average=0.001 s; distance=0 kB, estimate=0 kB; lsn=0/1A4D960, redo lsn=0/1A4D960
2026-09-14 17:56:09.293 UTC [653] LOG:  database system is ready to accept connections
2026-09-14 18:01:09.296 UTC [654] LOG:  checkpoint starting: time
2026-09-14 18:01:11.175 UTC [654] LOG:  checkpoint complete: wrote 19 buffers (0.1%); 0 WAL file(s) added, 0 removed, 0 recycled; write=1.857 s, sync=0.011 s, total=1.880 s; sync files=19, longest=0.002 s, average=0.001 s; distance=21 kB, estimate=21 kB; lsn=0/1A53180, redo lsn=0/1A53128
2026-09-15 10:12:41.388 UTC [125] FATAL:  data directory "/workspace/pgdata" has invalid permissions
2026-09-15 10:12:41.388 UTC [125] DETAIL:  Permissions should be u=rwx (0700) or u=rwx,g=rx (0750).
2026-09-15 10:12:54.116 UTC [137] FATAL:  could not open directory "pg_notify": No such file or directory
2026-09-15 10:12:54.117 UTC [137] LOG:  database system is shut down
2026-09-15 10:13:40.867 UTC [186] LOG:  starting PostgreSQL 17.11 on aarch64-unknown-linux-gnu, compiled by gcc (Ubuntu/Linaro 7.5.0-3ubuntu1~18.04) 7.5.0, 64-bit
2026-09-15 10:13:40.868 UTC [186] LOG:  listening on IPv6 address "::1", port 5432
2026-09-15 10:13:40.868 UTC [186] LOG:  listening on IPv4 address "127.0.0.1", port 5432
2026-09-15 10:13:40.873 UTC [186] LOG:  listening on Unix socket "/workspace/.s.PGSQL.5432"
2026-09-15 10:13:40.882 UTC [189] LOG:  database system was interrupted; last known up at 2026-09-14 18:01:11 UTC
2026-09-15 10:13:40.882 UTC [189] LOG:  creating missing WAL directory "pg_wal/archive_status"
2026-09-15 10:13:40.882 UTC [189] LOG:  creating missing WAL directory "pg_wal/summaries"
2026-09-15 10:13:41.300 UTC [189] LOG:  database system was not properly shut down; automatic recovery in progress
2026-09-15 10:13:41.301 UTC [189] FATAL:  could not open directory "pg_twophase": No such file or directory
2026-09-15 10:13:41.301 UTC [186] LOG:  startup process (PID 189) exited with exit code 1
2026-09-15 10:13:41.301 UTC [186] LOG:  terminating any other active server processes
2026-09-15 10:13:41.301 UTC [186] LOG:  shutting down due to startup process failure
2026-09-15 10:13:41.302 UTC [186] LOG:  database system is shut down
2026-09-15 10:14:05.238 UTC [200] LOG:  starting PostgreSQL 17.11 on aarch64-unknown-linux-gnu, compiled by gcc (Ubuntu/Linaro 7.5.0-3ubuntu1~18.04) 7.5.0, 64-bit
2026-09-15 10:14:05.239 UTC [200] LOG:  listening on IPv6 address "::1", port 5432
2026-09-15 10:14:05.239 UTC [200] LOG:  listening on IPv4 address "127.0.0.1", port 5432
2026-09-15 10:14:05.243 UTC [200] LOG:  listening on Unix socket "/workspace/.s.PGSQL.5432"
2026-09-15 10:14:05.247 UTC [203] LOG:  database system was interrupted; last known up at 2026-09-14 18:01:11 UTC
2026-09-15 10:14:05.305 UTC [203] LOG:  database system was not properly shut down; automatic recovery in progress
2026-09-15 10:14:05.307 UTC [203] LOG:  redo starts at 0/1A53128
2026-09-15 10:14:05.307 UTC [203] LOG:  invalid record length at 0/1A53230: expected at least 24, got 0
2026-09-15 10:14:05.307 UTC [203] LOG:  redo done at 0/1A531F8 system usage: CPU: user: 0.00 s, system: 0.00 s, elapsed: 0.00 s
2026-09-15 10:14:05.311 UTC [201] LOG:  checkpoint starting: end-of-recovery immediate wait
2026-09-15 10:14:05.312 UTC [201] ERROR:  could not open directory "pg_logical/snapshots": No such file or directory
2026-09-15 10:14:05.312 UTC [203] FATAL:  checkpoint request failed
2026-09-15 10:14:05.312 UTC [203] HINT:  Consult recent messages in the server log for details.
2026-09-15 10:14:05.313 UTC [200] LOG:  startup process (PID 203) exited with exit code 1
2026-09-15 10:14:05.313 UTC [200] LOG:  terminating any other active server processes
2026-09-15 10:14:05.313 UTC [200] LOG:  shutting down due to startup process failure
2026-09-15 10:14:05.314 UTC [200] LOG:  database system is shut down
2026-09-15 10:14:51.626 UTC [218] LOG:  starting PostgreSQL 17.11 on aarch64-unknown-linux-gnu, compiled by gcc (Ubuntu/Linaro 7.5.0-3ubuntu1~18.04) 7.5.0, 64-bit
2026-09-15 10:14:51.627 UTC [218] LOG:  listening on IPv6 address "::1", port 5432
2026-09-15 10:14:51.627 UTC [218] LOG:  listening on IPv4 address "127.0.0.1", port 5432
2026-09-15 10:14:51.628 UTC [218] LOG:  listening on Unix socket "/workspace/.s.PGSQL.5432"
2026-09-15 10:14:51.634 UTC [221] LOG:  database system shutdown was interrupted; last known up at 2026-09-15 10:14:05 UTC
2026-09-15 10:14:51.699 UTC [221] LOG:  database system was not properly shut down; automatic recovery in progress
2026-09-15 10:14:51.702 UTC [221] LOG:  redo starts at 0/1A53128
2026-09-15 10:14:51.702 UTC [221] LOG:  invalid record length at 0/1A53230: expected at least 24, got 0
2026-09-15 10:14:51.702 UTC [221] LOG:  redo done at 0/1A531F8 system usage: CPU: user: 0.00 s, system: 0.00 s, elapsed: 0.00 s
2026-09-15 10:14:51.705 UTC [219] LOG:  checkpoint starting: end-of-recovery immediate wait
2026-09-15 10:14:51.711 UTC [219] LOG:  checkpoint complete: wrote 3 buffers (0.0%); 0 WAL file(s) added, 0 removed, 0 recycled; write=0.002 s, sync=0.001 s, total=0.006 s; sync files=2, longest=0.001 s, average=0.001 s; distance=0 kB, estimate=0 kB; lsn=0/1A53230, redo lsn=0/1A53230
2026-09-15 10:14:51.712 UTC [218] LOG:  database system is ready to accept connections
2026-09-15 10:39:52.028 UTC [219] LOG:  checkpoint starting: time
2026-09-15 10:40:05.047 UTC [219] LOG:  checkpoint complete: wrote 128 buffers (0.8%); 0 WAL file(s) added, 0 removed, 0 recycled; write=12.984 s, sync=0.026 s, total=13.019 s; sync files=86, longest=0.001 s, average=0.001 s; distance=416 kB, estimate=416 kB; lsn=0/1ABB5C8, redo lsn=0/1ABB538
2026-09-15 10:44:52.152 UTC [219] LOG:  checkpoint starting: time
2026-09-15 10:44:56.600 UTC [219] LOG:  checkpoint complete: wrote 44 buffers (0.3%); 0 WAL file(s) added, 0 removed, 0 recycled; write=4.423 s, sync=0.017 s, total=4.448 s; sync files=40, longest=0.002 s, average=0.001 s; distance=29 kB, estimate=378 kB; lsn=0/1AC2D78, redo lsn=0/1AC2CE8
2026-09-15 10:49:52.629 UTC [219] LOG:  checkpoint starting: time
2026-09-15 10:49:56.245 UTC [219] LOG:  checkpoint complete: wrote 36 buffers (0.2%); 0 WAL file(s) added, 0 removed, 0 recycled; write=3.587 s, sync=0.020 s, total=3.618 s; sync files=36, longest=0.002 s, average=0.001 s; distance=63 kB, estimate=346 kB; lsn=0/1AD2CD8, redo lsn=0/1AD2C80
2026-09-15 10:54:52.311 UTC [219] LOG:  checkpoint starting: time
2026-09-15 10:55:00.862 UTC [219] LOG:  checkpoint complete: wrote 84 buffers (0.5%); 0 WAL file(s) added, 0 removed, 0 recycled; write=8.502 s, sync=0.028 s, total=8.551 s; sync files=78, longest=0.002 s, average=0.001 s; distance=230 kB, estimate=335 kB; lsn=0/1B1B720, redo lsn=0/1B0C878
2026-09-15 10:59:52.885 UTC [219] LOG:  checkpoint starting: time
2026-09-15 10:59:54.570 UTC [219] LOG:  checkpoint complete: wrote 17 buffers (0.1%); 0 WAL file(s) added, 0 removed, 0 recycled; write=1.664 s, sync=0.008 s, total=1.687 s; sync files=17, longest=0.002 s, average=0.001 s; distance=61 kB, estimate=307 kB; lsn=0/1B1BD48, redo lsn=0/1B1BCF0
